// Jest Snapshot v1, https://goo.gl/fbAQLP

exports[`renders the UI as expected 1`] = `
<button
  className="Button"
  onClick={[Function]}
>
  Help a student
</button>
`;
